OWNER=00
CLASS=0001
RRTTL=00000001
RTYPE=0041
RDATA=000000
------
OWNER=00
CLASS=0001
RRTTL=00000001
RTYPE=0041
RDATA=FFFF00
------
OWNER=00
CLASS=0001
RRTTL=00000001
RTYPE=0041
RDATA=00010000000004000300070003000200040007000003E8000162FFFF000161
------
OWNER=00
CLASS=0001
RRTTL=00000001
RTYPE=0041
RDATA=000000
------
OWNER=00
CLASS=0001
RRTTL=00000001
RTYPE=0041
RDATA=000000
------
OWNER=00
CLASS=0001
RRTTL=00000001
RTYPE=0041
RDATA=000000
------
WARNG=ZS_BAD_NUMBER
------
WARNG=ZS_BAD_NUMBER
------
WARNG=ZS_BAD_HEX_CHAR
------
WARNG=ZS_NUMBER16_OVERFLOW
------
WARNG=ZS_BAD_RDATA
------
